     1                                  [org 0x0100]
     2                                  
     3 00000000 E9AB09                  jmp start
     4                                  ; array
     5                                  
     6                                  ;car bottoms
     7 00000003 0E00                    row: dw 14
     8 00000005 2100                    col: dw 33
     9 00000007 4000                    color: dw 0x40
    10 00000009 0600                    width: dw 6
    11 0000000B 0200                    height: dw 2
    12                                  
    13                                  ; car head
    14 0000000D 0300                    length: dw 3
    15 0000000F 0C00                    carTopRow: dw 12
    16 00000011 2400                    carTopCol: dw 36
    17 00000013 4000                    carTopColor: dw 0x40
    18 00000015 0200                    carTopHeight: dw 2
    19                                  
    20                                  ; car window
    21 00000017 0200                    winlength: dw 2
    22 00000019 0D00                    carwRow: dw 13
    23 0000001B 2500                    carwCol: dw 37
    24 0000001D 0000                    carwColor: dw 0x0
    25 0000001F 0100                    carwHeight: dw 1
    26                                  
    27                                  ;parameters of tyre 1
    28 00000021 0100                    t1length: dw 1
    29 00000023 1000                    t1row: dw 16
    30 00000025 2200                    t1col: dw 34
    31 00000027 7000                    t1color: dw 0x70
    32                                  
    33                                  ;parameters of tyre 2
    34 00000029 0100                    t2length: dw 1
    35 0000002B 1000                    t2row: dw 16
    36 0000002D 2A00                    t2col: dw 42
    37 0000002F 7000                    t2color: dw 0x70
    38                                  
    39                                  ; road lines
    40 00000031 0600                    roadlines1length: dw 6
    41 00000033 0D00                    roadlines1Row: dw 13
    42 00000035 0A00                    roadlines1Col: dw 10
    43 00000037 FF00                    roadlines1Color: dw 0xFF
    44 00000039 0100                    roadlines1Height: dw 1
    45                                  
    46                                  ; road lines
    47 0000003B 0600                    roadlines2length: dw 6
    48 0000003D 0D00                    roadlines2Row: dw 13
    49 0000003F 3C00                    roadlines2Col: dw 60
    50 00000041 FF00                    roadlines2Color: dw 0xFF
    51 00000043 0100                    roadlines2Height: dw 1
    52                                  
    53                                  ;Parameters of Building1
    54 00000045 0500                    b1length: dw 5
    55 00000047 0900                    b1height: dw 9
    56 00000049 0100                    b1row: dw 1
    57 0000004B 0100                    b1col: dw 1
    58 0000004D 7000                    b1color: dw 0x70
    59                                  
    60                                  ;Parameters of Building2
    61 0000004F 0500                    b2length: dw 5
    62 00000051 0700                    b2height: dw 7
    63 00000053 0300                    b2row: dw 3
    64 00000055 0C00                    b2col: dw 12
    65 00000057 7000                    b2color: dw 0x70
    66                                  
    67                                  ;Parameters of Building3
    68 00000059 0400                    b3length: dw 4
    69 0000005B 0800                    b3height: dw 8
    70 0000005D 0200                    b3row: dw 2
    71 0000005F 1700                    b3col: dw 23
    72 00000061 7000                    b3color: dw 0x70
    73                                  
    74                                  ;Parameters of Building4
    75 00000063 0600                    b4length: dw 6
    76 00000065 0600                    b4height: dw 6
    77 00000067 0400                    b4row: dw 4
    78 00000069 2000                    b4col: dw 32
    79 0000006B 7000                    b4color: dw 0x70
    80                                  
    81                                  ;Parameters of Building5
    82 0000006D 0600                    b5length: dw 6
    83 0000006F 0700                    b5height: dw 7
    84 00000071 0300                    b5row: dw 3
    85 00000073 2D00                    b5col: dw 45
    86 00000075 7000                    b5color: dw 0x70
    87                                  
    88                                  ;Parameters of Building6
    89 00000077 0500                    b6length: dw 5
    90 00000079 0800                    b6height: dw 8
    91 0000007B 0200                    b6row: dw 2
    92 0000007D 3A00                    b6col: dw 58
    93 0000007F 7000                    b6color: dw 0x70
    94                                  
    95                                  ;Parameters of Building7
    96 00000081 0500                    b7length: dw 5
    97 00000083 0600                    b7height: dw 6
    98 00000085 0400                    b7row: dw 4
    99 00000087 4500                    b7col: dw 69
   100 00000089 7000                    b7color: dw 0x70
   101                                  
   102                                  ;parameters of window
   103 0000008B 0100                    wlength: dw 1
   104 0000008D 0200                    wrow: dw 2
   105 0000008F 0200                    wcol: dw 2
   106 00000091 5A00                    wcolor: dw 0x5A
   107                                  
   108                                  ;parameters of window2
   109 00000093 0100                    w2length: dw 1
   110 00000095 0400                    w2row: dw 4
   111 00000097 0D00                    w2col: dw 13
   112 00000099 6A00                    w2color: dw 0x6A
   113                                  
   114                                  ;parameters of window3
   115 0000009B 0100                    w3length: dw 1
   116 0000009D 0300                    w3row: dw 3
   117 0000009F 1800                    w3col: dw 24
   118 000000A1 2A00                    w3color: dw 0x2A
   119                                  
   120                                  ;parameters of window4
   121 000000A3 0100                    w4length: dw 1
   122 000000A5 0500                    w4row: dw 5
   123 000000A7 2100                    w4col: dw 33
   124 000000A9 3B00                    w4color: dw 0x3B
   125                                  
   126                                  ;parameters of window5
   127 000000AB 0100                    w5length: dw 1
   128 000000AD 0400                    w5row: dw 4
   129 000000AF 2E00                    w5col: dw 46
   130 000000B1 DA00                    w5color: dw 0xDA
   131                                  
   132                                  ;parameters of window6
   133 000000B3 0100                    w6length: dw 1
   134 000000B5 0300                    w6row: dw 3
   135 000000B7 3B00                    w6col: dw 59
   136 000000B9 0000                    w6color: dw 0x00
   137                                  
   138                                  ;parameters of window7
   139 000000BB 0100                    w7length: dw 1
   140 000000BD 0500                    w7row: dw 5
   141 000000BF 4600                    w7col: dw 70
   142 000000C1 2A00                    w7color: dw 0x2A
   143                                  
   144                                  clrscr:
   145 000000C3 50                      	push ax
   146 000000C4 06                      	push es
   147 000000C5 57                      	push di
   148 000000C6 B800B8                  	mov ax, 0xb800
   149 000000C9 8EC0                    	mov es, ax
   150 000000CB BF0000                  	mov di, 0
   151                                  	clrloop:
   152 000000CE 26C7052000              		mov word[es:di], 0x0020
   153 000000D3 83C702                  		add di, 2
   154 000000D6 81FFA00F                		cmp di, 4000
   155 000000DA 75F2                    		jne clrloop
   156 000000DC 5F                      	pop di
   157 000000DD 07                      	pop es
   158 000000DE 58                      	pop ax
   159 000000DF C3                      	ret
   160                                  
   161                                  delay:
   162 000000E0 51                      	push cx
   163 000000E1 B9FFFF                  	mov cx, 0xFFFF
   164                                  	dloop1:
   165 000000E4 E2FE                    		  loop dloop1
   166 000000E6 B9FFFF                  	mov cx, 0xFFFF
   167                                  	dloop2:
   168 000000E9 E2FE                    		  loop dloop2
   169 000000EB 59                      	pop cx
   170 000000EC C3                      	ret
   171                                  	
   172                                  screendivider1:
   173 000000ED 50                      	push ax
   174 000000EE 06                      	push es
   175 000000EF 57                      	push di
   176 000000F0 B800B8                  	mov ax, 0xb800
   177 000000F3 8EC0                    	mov es, ax
   178 000000F5 BF0005                  	mov di, 1280
   179                                  	loop:
   180 000000F8 26C7055F07              		mov word[es:di], 0x075F
   181 000000FD 83C702                  		add di, 2
   182 00000100 81FFA005                		cmp di, 1440
   183 00000104 75F2                    		jne loop
   184 00000106 5F                      	pop di
   185 00000107 07                      	pop es
   186 00000108 58                      	pop ax
   187 00000109 C3                      	ret
   188                                  screendivider2:
   189 0000010A 50                      	push ax
   190 0000010B 06                      	push es
   191 0000010C 57                      	push di
   192 0000010D B800B8                  	mov ax, 0xb800
   193 00000110 8EC0                    	mov es, ax
   194 00000112 BF000A                  	mov di, 2560
   195                                  	loop1:
   196 00000115 26C7055F07              		mov word[es:di], 0x075F
   197 0000011A 83C702                  		add di, 2
   198 0000011D 81FFA00A                		cmp di, 2720
   199 00000121 75F2                    		jne loop1
   200 00000123 5F                      	pop di
   201 00000124 07                      	pop es
   202 00000125 58                      	pop ax
   203 00000126 C3                      	ret
   204                                  printSky:
   205 00000127 50                      	push ax
   206 00000128 06                      	push es
   207 00000129 57                      	push di
   208 0000012A B800B8                  	mov ax, 0xb800
   209 0000012D 8EC0                    	mov es, ax
   210 0000012F BF0000                  	mov di, 0
   211                                  	sloop:
   212 00000132 26C7052010              		mov word[es:di], 0x1020
   213 00000137 83C702                  		add di, 2
   214 0000013A 81FF4006                		cmp di, 1600
   215 0000013E 75F2                    		jne sloop
   216 00000140 5F                      	pop di
   217 00000141 07                      	pop es
   218 00000142 58                      	pop ax
   219 00000143 C3                      	ret
   220                                  
   221                                  printroad:
   222 00000144 50                      	push ax
   223 00000145 06                      	push es
   224 00000146 57                      	push di
   225 00000147 B800B8                  	mov ax, 0xb800
   226 0000014A 8EC0                    	mov es, ax
   227 0000014C BF4006                  	mov di, 1600
   228                                  	rloop:
   229 0000014F 26C7052000              		mov word[es:di], 0x0020
   230 00000154 83C702                  		add di, 2
   231 00000157 81FFA00A                		cmp di, 2720
   232 0000015B 75F2                    		jne rloop
   233                                  	bloop:
   234 0000015D 26C7055F07              		mov word[es:di], 0x075F
   235 00000162 83C702                  		add di, 2
   236 00000165 81FF400B                		cmp di, 2880
   237 00000169 75F2                    		jne bloop
   238 0000016B 5F                      	pop di
   239 0000016C 07                      	pop es
   240 0000016D 58                      	pop ax
   241 0000016E C3                      	ret
   242                                  Stars:
   243 0000016F 50                      	push ax
   244 00000170 06                      	push es
   245 00000171 57                      	push di
   246 00000172 B800B8                  	mov ax, 0xb800
   247 00000175 8EC0                    	mov es, ax
   248 00000177 BF0000                  	mov di, 0
   249                                  	loope:
   250 0000017A 26C7052A1E              		mov word[es:di], 0x1E2A
   251 0000017F 83C708                  		add di, 8
   252 00000182 81FFA000                		cmp di, 160
   253 00000186 75F2                    		jne loope
   254 00000188 BF4001                  	mov di, 320
   255                                  	loop2:
   256 0000018B 26C7052A1E              		mov word[es:di], 0x1E2A
   257 00000190 83C708                  		add di, 8
   258 00000193 81FFE001                		cmp di, 480
   259 00000197 75F2                    		jne loop2
   260 00000199 BF8002                  	mov di, 640
   261                                  	loop3:
   262 0000019C 26C7052A1E              		mov word[es:di], 0x1E2A
   263 000001A1 83C708                  		add di, 8
   264 000001A4 81FF2003                		cmp di, 800
   265 000001A8 75F2                    		jne loop3
   266 000001AA BFC003                  	mov di, 960
   267 000001AD 5F                      	pop di
   268 000001AE 07                      	pop es
   269 000001AF 58                      	pop ax
   270 000001B0 C3                      	ret
   271                                  
   272                                  printSquare:
   273 000001B1 55                      	push bp
   274 000001B2 89E5                    	mov bp, sp
   275 000001B4 50                      	push ax
   276 000001B5 06                      	push es
   277 000001B6 57                      	push di
   278 000001B7 51                      	push cx
   279 000001B8 52                      	push dx
   280 000001B9 53                      	push bx
   281                                  	
   282 000001BA B800B8                  	mov ax, 0xb800
   283 000001BD 8EC0                    	mov es, ax
   284 000001BF B050                    	mov al, 80
   285 000001C1 F66608                  	mul byte[bp + 8]
   286 000001C4 034606                  	add ax, [bp + 6]
   287 000001C7 D1E0                    	shl ax, 1
   288 000001C9 89C7                    	mov di, ax
   289 000001CB 8B4E04                  	mov cx, [bp + 4]
   290 000001CE 8B5604                  	mov dx, [bp + 4]
   291 000001D1 8B5E04                  	mov bx, [bp + 4]
   292 000001D4 C1E302                  	shl bx, 2
   293 000001D7 D1E1                    	shl cx, 1
   294 000001D9 8A660A                  	mov ah, [bp + 10]
   295 000001DC B020                    	mov al, 0x20
   296                                  	outerloop:
   297                                  		innerloop:
   298 000001DE 268905                  			mov word[es:di], ax
   299 000001E1 83C702                  			add di, 2
   300 000001E4 83E901                  			sub cx, 1
   301 000001E7 75F5                    			jnz innerloop
   302                                  			
   303 000001E9 81C7A000                		add di, 160
   304 000001ED 8B4E04                  		mov cx, [bp + 4]
   305 000001F0 D1E1                    		shl cx, 1
   306 000001F2 29DF                    		sub di, bx
   307 000001F4 83EA01                  		sub dx, 1
   308 000001F7 75E5                    		jnz outerloop
   309                                  		
   310 000001F9 5B                      	pop bx
   311 000001FA 5A                      	pop dx	
   312 000001FB 59                      	pop cx
   313 000001FC 5F                      	pop di
   314 000001FD 07                      	pop es
   315 000001FE 58                      	pop ax
   316 000001FF 5D                      	pop bp
   317 00000200 C20800                  	ret 8
   318                                  
   319                                  printRectangle:
   320 00000203 55                      	push bp
   321 00000204 89E5                    	mov bp, sp
   322 00000206 50                      	push ax
   323 00000207 06                      	push es
   324 00000208 57                      	push di
   325 00000209 51                      	push cx
   326 0000020A 52                      	push dx
   327 0000020B 53                      	push bx
   328                                  	
   329 0000020C B800B8                  	mov ax, 0xb800
   330 0000020F 8EC0                    	mov es, ax
   331 00000211 B050                    	mov al, 80
   332 00000213 F66608                  	mul byte[bp + 8]
   333 00000216 034606                  	add ax, [bp + 6]
   334 00000219 D1E0                    	shl ax, 1
   335 0000021B 89C7                    	mov di, ax
   336 0000021D 8B4E04                  	mov cx, [bp + 4]
   337 00000220 8B560C                  	mov dx, [bp + 12]
   338 00000223 8B5E04                  	mov bx, [bp + 4]
   339 00000226 C1E302                  	shl bx, 2
   340 00000229 D1E1                    	shl cx, 1
   341 0000022B 8A660A                  	mov ah, [bp + 10]
   342 0000022E B020                    	mov al, 0x20
   343                                  	outerlooprect:
   344                                  		innerlooprect:
   345 00000230 268905                  			mov word[es:di], ax
   346 00000233 83C702                  			add di, 2
   347 00000236 83E901                  			sub cx, 1
   348 00000239 75F5                    			jnz innerlooprect
   349                                  			
   350 0000023B 81C7A000                		add di, 160
   351 0000023F 8B4E04                  		mov cx, [bp + 4]
   352 00000242 D1E1                    		shl cx, 1
   353 00000244 29DF                    		sub di, bx
   354 00000246 83EA01                  		sub dx, 1
   355 00000249 75E5                    		jnz outerlooprect
   356 0000024B 89FE                    	mov si, di
   357                                  	
   358 0000024D 5B                      	pop bx
   359 0000024E 5A                      	pop dx	
   360 0000024F 59                      	pop cx
   361 00000250 5F                      	pop di
   362 00000251 07                      	pop es
   363 00000252 58                      	pop ax
   364 00000253 5D                      	pop bp
   365 00000254 C20A00                  	ret 10
   366                                  
   367                                  printCAR:
   368 00000257 50                      	push ax
   369 00000258 A1[1500]                	mov ax, [carTopHeight]; bp + 12
   370 0000025B 50                      	push ax
   371 0000025C A1[1300]                	mov ax, [carTopColor]; bp + 10
   372 0000025F 50                      	push ax 
   373 00000260 A1[0F00]                	mov ax, [carTopRow]; bp + 8
   374 00000263 50                      	push ax
   375 00000264 A1[1100]                	mov ax, [carTopCol]; bp + 6
   376 00000267 50                      	push ax
   377 00000268 FF36[0D00]              	push word[length]; bp + 4
   378 0000026C E894FF                  	call printRectangle
   379                                  	
   380 0000026F A1[0B00]                	mov ax, [height]; bp + 12
   381 00000272 50                      	push ax
   382 00000273 A1[0700]                	mov ax, [color]; bp + 10
   383 00000276 50                      	push ax 
   384 00000277 A1[0300]                	mov ax, [row]; bp + 8
   385 0000027A 50                      	push ax
   386 0000027B A1[0500]                	mov ax, [col]; bp + 6
   387 0000027E 50                      	push ax
   388 0000027F FF36[0900]              	push word[width]; bp + 4
   389 00000283 E87DFF                  	call printRectangle
   390                                  	
   391 00000286 A1[1F00]                	mov ax, [carwHeight]; bp + 12
   392 00000289 50                      	push ax
   393 0000028A A1[1D00]                	mov ax, [carwColor]; bp + 10
   394 0000028D 50                      	push ax 
   395 0000028E A1[1900]                	mov ax, [carwRow]; bp + 8
   396 00000291 50                      	push ax
   397 00000292 A1[1B00]                	mov ax, [carwCol]; bp + 6
   398 00000295 50                      	push ax
   399 00000296 FF36[1700]              	push word[winlength]; bp + 4
   400 0000029A E866FF                  	call printRectangle
   401                                  	
   402                                  	
   403 0000029D A1[2700]                	mov ax, [t1color];bp + 10
   404 000002A0 50                      	push ax 
   405 000002A1 A1[2300]                  	mov ax, [t1row]; bp + 8
   406 000002A4 50                      	push ax
   407 000002A5 A1[2500]                	mov ax, [t1col]; bp + 6
   408 000002A8 50                      	push ax
   409 000002A9 A1[2100]                	mov ax, [t1length]
   410 000002AC 50                      	push ax; bp + 4
   411 000002AD E801FF                  	call printSquare
   412                                  	
   413                                  
   414 000002B0 A1[2F00]                	mov ax, [t2color];bp + 10
   415 000002B3 50                      	push ax 
   416 000002B4 A1[2B00]                  	mov ax, [t2row]; bp + 8
   417 000002B7 50                      	push ax
   418 000002B8 A1[2D00]                	mov ax, [t2col]; bp + 6
   419 000002BB 50                      	push ax
   420 000002BC A1[2900]                	mov ax, [t2length]
   421 000002BF 50                      	push ax; bp + 4
   422 000002C0 E8EEFE                  	call printSquare
   423                                  	
   424 000002C3 58                      	pop ax
   425 000002C4 C3                      	ret
   426                                  
   427                                  Roadlines1:
   428 000002C5 50                          push ax
   429 000002C6 A1[3900]                	mov ax, [roadlines1Height]; bp + 12
   430 000002C9 50                      	push ax
   431 000002CA A1[3700]                	mov ax, [roadlines1Color]; bp + 10
   432 000002CD 50                      	push ax 
   433 000002CE A1[3300]                	mov ax, [roadlines1Row]; bp + 8
   434 000002D1 50                      	push ax
   435 000002D2 A1[3500]                	mov ax, [roadlines1Col]; bp + 6
   436 000002D5 50                      	push ax
   437 000002D6 FF36[3100]              	push word[roadlines1length]; bp + 4
   438 000002DA E826FF                  	call printRectangle
   439                                  	
   440 000002DD 58                      	pop ax
   441 000002DE C3                      	ret
   442                                  	 
   443                                  Roadlines2:
   444 000002DF 50                             push ax
   445 000002E0 A1[4300]                	mov ax, [roadlines2Height]; bp + 12
   446 000002E3 50                      	push ax
   447 000002E4 A1[4100]                	mov ax, [roadlines2Color]; bp + 10
   448 000002E7 50                      	push ax 
   449 000002E8 A1[3D00]                	mov ax, [roadlines2Row]; bp + 8
   450 000002EB 50                      	push ax
   451 000002EC A1[3F00]                	mov ax, [roadlines2Col]; bp + 6
   452 000002EF 50                      	push ax
   453 000002F0 FF36[3B00]              	push word[roadlines2length]; bp + 4
   454 000002F4 E80CFF                  	call printRectangle
   455                                  	
   456 000002F7 58                      	pop ax
   457 000002F8 C3                      	ret
   458                                  
   459                                  Building1:
   460 000002F9 50                      	push ax
   461 000002FA A1[4700]                	mov ax, [b1height]
   462 000002FD 50                      	push ax
   463 000002FE A1[4D00]                	mov ax, [b1color];bp + 10
   464 00000301 50                      	push ax 
   465 00000302 A1[4900]                    mov ax, [b1row]; bp + 8
   466 00000305 50                      	push ax
   467 00000306 A1[4B00]                	mov ax, [b1col]; bp + 6
   468 00000309 50                      	push ax
   469 0000030A A1[4500]                	mov ax, [b1length]
   470 0000030D 50                      	push ax; bp + 4
   471 0000030E E8F2FE                  	call printRectangle
   472                                      
   473                                  	;window1
   474 00000311 A1[9100]                	mov ax, [wcolor];bp + 10
   475 00000314 50                      	push ax 
   476 00000315 A1[8D00]                  	mov ax, [wrow]; bp + 8
   477 00000318 50                      	push ax
   478 00000319 A1[8F00]                	mov ax, [wcol]; bp + 6
   479 0000031C 50                      	push ax
   480 0000031D A1[8B00]                	mov ax, [wlength]
   481 00000320 50                      	push ax; bp + 4
   482 00000321 E88DFE                  	call printSquare
   483                                  	
   484                                  	;window2
   485 00000324 A1[8F00]                	mov ax, [wcol]
   486 00000327 83C006                  	add ax, 6
   487 0000032A A3[8F00]                	mov [wcol], ax
   488 0000032D A1[9100]                	mov ax, [wcolor];bp + 10
   489 00000330 50                      	push ax 
   490 00000331 A1[8D00]                  	mov ax, [wrow]; bp + 8
   491 00000334 50                      	push ax
   492 00000335 A1[8F00]                	mov ax, [wcol]; bp + 6
   493 00000338 50                      	push ax
   494 00000339 A1[8B00]                	mov ax, [wlength]
   495 0000033C 50                      	push ax; bp + 4
   496 0000033D E871FE                  	call printSquare
   497                                  	
   498                                  	;window3
   499 00000340 A1[8F00]                	mov ax, [wcol]
   500 00000343 83E806                  	sub ax, 6
   501 00000346 A3[8F00]                	mov [wcol], ax
   502 00000349 A1[8D00]                	mov ax, [wrow]
   503 0000034C 83C002                  	add ax, 2
   504 0000034F A3[8D00]                	mov [wrow], ax
   505 00000352 A1[9100]                	mov ax, [wcolor];bp + 10
   506 00000355 50                      	push ax 
   507 00000356 A1[8D00]                  	mov ax, [wrow]; bp + 8
   508 00000359 50                      	push ax
   509 0000035A A1[8F00]                	mov ax, [wcol]; bp + 6
   510 0000035D 50                      	push ax
   511 0000035E A1[8B00]                	mov ax, [wlength]
   512 00000361 50                      	push ax; bp + 4
   513 00000362 E84CFE                  	call printSquare
   514                                  	
   515                                  	;window4
   516 00000365 A1[8F00]                	mov ax, [wcol]
   517 00000368 83C006                  	add ax, 6
   518 0000036B A3[8F00]                	mov [wcol], ax
   519 0000036E A1[9100]                	mov ax, [wcolor];bp + 10
   520 00000371 50                      	push ax 
   521 00000372 A1[8D00]                  	mov ax, [wrow]; bp + 8
   522 00000375 50                      	push ax
   523 00000376 A1[8F00]                	mov ax, [wcol]; bp + 6
   524 00000379 50                      	push ax
   525 0000037A A1[8B00]                	mov ax, [wlength]
   526 0000037D 50                      	push ax; bp + 4
   527 0000037E E830FE                  	call printSquare
   528                                  	
   529                                  	;window5
   530 00000381 A1[8F00]                	mov ax, [wcol]
   531 00000384 83E806                  	sub ax, 6
   532 00000387 A3[8F00]                	mov [wcol], ax
   533 0000038A A1[8D00]                	mov ax, [wrow]
   534 0000038D 83C002                  	add ax, 2
   535 00000390 A3[8D00]                	mov [wrow], ax
   536 00000393 A1[9100]                	mov ax, [wcolor];bp + 10
   537 00000396 50                      	push ax 
   538 00000397 A1[8D00]                  	mov ax, [wrow]; bp + 8
   539 0000039A 50                      	push ax
   540 0000039B A1[8F00]                	mov ax, [wcol]; bp + 6
   541 0000039E 50                      	push ax
   542 0000039F A1[8B00]                	mov ax, [wlength]
   543 000003A2 50                      	push ax; bp + 4
   544 000003A3 E80BFE                  	call printSquare
   545                                  	
   546                                  	;window6
   547 000003A6 A1[8F00]                	mov ax, [wcol]
   548 000003A9 83C006                  	add ax, 6
   549 000003AC A3[8F00]                	mov [wcol], ax
   550 000003AF A1[9100]                	mov ax, [wcolor];bp + 10
   551 000003B2 50                      	push ax 
   552 000003B3 A1[8D00]                  	mov ax, [wrow]; bp + 8
   553 000003B6 50                      	push ax
   554 000003B7 A1[8F00]                	mov ax, [wcol]; bp + 6
   555 000003BA 50                      	push ax
   556 000003BB A1[8B00]                	mov ax, [wlength]
   557 000003BE 50                      	push ax; bp + 4
   558 000003BF E8EFFD                  	call printSquare
   559                                  	
   560                                  	;window7
   561 000003C2 A1[8F00]                	mov ax, [wcol]
   562 000003C5 83E806                  	sub ax, 6
   563 000003C8 A3[8F00]                	mov [wcol], ax
   564 000003CB A1[8D00]                	mov ax, [wrow]
   565 000003CE 83C002                  	add ax, 2
   566 000003D1 A3[8D00]                	mov [wrow], ax
   567 000003D4 A1[9100]                	mov ax, [wcolor];bp + 10
   568 000003D7 50                      	push ax 
   569 000003D8 A1[8D00]                  	mov ax, [wrow]; bp + 8
   570 000003DB 50                      	push ax
   571 000003DC A1[8F00]                	mov ax, [wcol]; bp + 6
   572 000003DF 50                      	push ax
   573 000003E0 A1[8B00]                	mov ax, [wlength]
   574 000003E3 50                      	push ax; bp + 4
   575 000003E4 E8CAFD                  	call printSquare
   576                                  	
   577                                  	;window8
   578 000003E7 A1[8F00]                	mov ax, [wcol]
   579 000003EA 83C006                  	add ax, 6
   580 000003ED A3[8F00]                	mov [wcol], ax
   581 000003F0 A1[9100]                	mov ax, [wcolor];bp + 10
   582 000003F3 50                      	push ax 
   583 000003F4 A1[8D00]                  	mov ax, [wrow]; bp + 8
   584 000003F7 50                      	push ax
   585 000003F8 A1[8F00]                	mov ax, [wcol]; bp + 6
   586 000003FB 50                      	push ax
   587 000003FC A1[8B00]                	mov ax, [wlength]
   588 000003FF 50                      	push ax; bp + 4
   589 00000400 E8AEFD                  	call printSquare
   590 00000403 58                      	pop ax
   591 00000404 C3                      	ret	
   592                                  
   593                                  Building2:
   594 00000405 50                      	push ax
   595 00000406 A1[5100]                	mov ax, [b2height]
   596 00000409 50                      	push ax
   597 0000040A A1[5700]                	mov ax, [b2color];bp + 10
   598 0000040D 50                      	push ax 
   599 0000040E A1[5300]                    mov ax, [b2row]; bp + 8
   600 00000411 50                      	push ax
   601 00000412 A1[5500]                	mov ax, [b2col]; bp + 6
   602 00000415 50                      	push ax
   603 00000416 A1[4F00]                	mov ax, [b2length]
   604 00000419 50                      	push ax; bp + 4
   605 0000041A E8E6FD                  	call printRectangle	
   606                                  	
   607                                  	;window1
   608 0000041D A1[9900]                	mov ax, [w2color];bp + 10
   609 00000420 50                      	push ax 
   610 00000421 A1[9500]                  	mov ax, [w2row]; bp + 8
   611 00000424 50                      	push ax
   612 00000425 A1[9700]                	mov ax, [w2col]; bp + 6
   613 00000428 50                      	push ax
   614 00000429 A1[9300]                	mov ax, [w2length]
   615 0000042C 50                      	push ax; bp + 4
   616 0000042D E881FD                  	call printSquare
   617                                  	
   618                                  	;window2
   619 00000430 A1[9700]                	mov ax, [w2col]
   620 00000433 83C006                  	add ax, 6
   621 00000436 A3[9700]                	mov [w2col], ax
   622 00000439 A1[9900]                	mov ax, [w2color];bp + 10
   623 0000043C 50                      	push ax 
   624 0000043D A1[9500]                  	mov ax, [w2row]; bp + 8
   625 00000440 50                      	push ax
   626 00000441 A1[9700]                	mov ax, [w2col]; bp + 6
   627 00000444 50                      	push ax
   628 00000445 A1[9300]                	mov ax, [w2length]
   629 00000448 50                      	push ax; bp + 4
   630 00000449 E865FD                  	call printSquare
   631                                  	
   632                                  	;window3
   633 0000044C A1[9700]                	mov ax, [w2col]
   634 0000044F 83E806                  	sub ax, 6
   635 00000452 A3[9700]                	mov [w2col], ax
   636 00000455 A1[9500]                	mov ax, [w2row]
   637 00000458 83C002                  	add ax, 2
   638 0000045B A3[9500]                	mov [w2row], ax
   639 0000045E A1[9900]                	mov ax, [w2color];bp + 10
   640 00000461 50                      	push ax 
   641 00000462 A1[9500]                  	mov ax, [w2row]; bp + 8
   642 00000465 50                      	push ax
   643 00000466 A1[9700]                	mov ax, [w2col]; bp + 6
   644 00000469 50                      	push ax
   645 0000046A A1[9300]                	mov ax, [w2length]
   646 0000046D 50                      	push ax; bp + 4
   647 0000046E E840FD                  	call printSquare
   648                                  	
   649                                  	;window4
   650 00000471 A1[9700]                	mov ax, [w2col]
   651 00000474 83C006                  	add ax, 6
   652 00000477 A3[9700]                	mov [w2col], ax
   653 0000047A A1[9900]                	mov ax, [w2color];bp + 10
   654 0000047D 50                      	push ax 
   655 0000047E A1[9500]                  	mov ax, [w2row]; bp + 8
   656 00000481 50                      	push ax
   657 00000482 A1[9700]                	mov ax, [w2col]; bp + 6
   658 00000485 50                      	push ax
   659 00000486 A1[9300]                	mov ax, [w2length]
   660 00000489 50                      	push ax; bp + 4
   661 0000048A E824FD                  	call printSquare
   662                                  	
   663                                  	;window5
   664 0000048D A1[9700]                	mov ax, [w2col]
   665 00000490 83E806                  	sub ax, 6
   666 00000493 A3[9700]                	mov [w2col], ax
   667 00000496 A1[9500]                	mov ax, [w2row]
   668 00000499 83C002                  	add ax, 2
   669 0000049C A3[9500]                	mov [w2row], ax
   670 0000049F A1[9900]                	mov ax, [w2color];bp + 10
   671 000004A2 50                      	push ax 
   672 000004A3 A1[9500]                  	mov ax, [w2row]; bp + 8
   673 000004A6 50                      	push ax
   674 000004A7 A1[9700]                	mov ax, [w2col]; bp + 6
   675 000004AA 50                      	push ax
   676 000004AB A1[9300]                	mov ax, [w2length]
   677 000004AE 50                      	push ax; bp + 4
   678 000004AF E8FFFC                  	call printSquare
   679                                  	
   680                                  	;window6
   681 000004B2 A1[9700]                	mov ax, [w2col]
   682 000004B5 83C006                  	add ax, 6
   683 000004B8 A3[9700]                	mov [w2col], ax
   684 000004BB A1[9900]                	mov ax, [w2color];bp + 10
   685 000004BE 50                      	push ax 
   686 000004BF A1[9500]                  	mov ax, [w2row]; bp + 8
   687 000004C2 50                      	push ax
   688 000004C3 A1[9700]                	mov ax, [w2col]; bp + 6
   689 000004C6 50                      	push ax
   690 000004C7 A1[9300]                	mov ax, [w2length]
   691 000004CA 50                      	push ax; bp + 4
   692 000004CB E8E3FC                  	call printSquare
   693                                  	
   694 000004CE 58                      	pop ax
   695 000004CF C3                      	ret
   696                                  	
   697                                  Building3:
   698 000004D0 50                      	push ax
   699 000004D1 A1[5B00]                	mov ax, [b3height]
   700 000004D4 50                      	push ax
   701 000004D5 A1[6100]                	mov ax, [b3color];bp + 10
   702 000004D8 50                      	push ax 
   703 000004D9 A1[5D00]                    mov ax, [b3row]; bp + 8
   704 000004DC 50                      	push ax
   705 000004DD A1[5F00]                	mov ax, [b3col]; bp + 6
   706 000004E0 50                      	push ax
   707 000004E1 A1[5900]                	mov ax, [b3length]
   708 000004E4 50                      	push ax; bp + 4
   709 000004E5 E81BFD                  	call printRectangle
   710                                      
   711                                  	;window1
   712 000004E8 A1[A100]                	mov ax, [w3color];bp + 10
   713 000004EB 50                      	push ax 
   714 000004EC A1[9D00]                  	mov ax, [w3row]; bp + 8
   715 000004EF 50                      	push ax
   716 000004F0 A1[9F00]                	mov ax, [w3col]; bp + 6
   717 000004F3 50                      	push ax
   718 000004F4 A1[9B00]                	mov ax, [w3length]
   719 000004F7 50                      	push ax; bp + 4
   720 000004F8 E8B6FC                  	call printSquare
   721                                  	
   722                                  	;window2
   723 000004FB A1[9F00]                	mov ax, [w3col]
   724 000004FE 83C004                  	add ax, 4
   725 00000501 A3[9F00]                	mov [w3col], ax
   726 00000504 A1[A100]                	mov ax, [w3color];bp + 10
   727 00000507 50                      	push ax 
   728 00000508 A1[9D00]                  	mov ax, [w3row]; bp + 8
   729 0000050B 50                      	push ax
   730 0000050C A1[9F00]                	mov ax, [w3col]; bp + 6
   731 0000050F 50                      	push ax
   732 00000510 A1[9B00]                	mov ax, [w3length]
   733 00000513 50                      	push ax; bp + 4
   734 00000514 E89AFC                  	call printSquare
   735                                  	
   736                                  	;window3
   737 00000517 A1[9F00]                	mov ax, [w3col]
   738 0000051A 83E804                  	sub ax, 4
   739 0000051D A3[9F00]                	mov [w3col], ax
   740 00000520 A1[9D00]                	mov ax, [w3row]
   741 00000523 83C002                  	add ax, 2
   742 00000526 A3[9D00]                	mov [w3row], ax
   743 00000529 A1[A100]                	mov ax, [w3color];bp + 10
   744 0000052C 50                      	push ax 
   745 0000052D A1[9D00]                  	mov ax, [w3row]; bp + 8
   746 00000530 50                      	push ax
   747 00000531 A1[9F00]                	mov ax, [w3col]; bp + 6
   748 00000534 50                      	push ax
   749 00000535 A1[9B00]                	mov ax, [w3length]
   750 00000538 50                      	push ax; bp + 4
   751 00000539 E875FC                  	call printSquare
   752                                  	
   753                                  	;window4
   754 0000053C A1[9F00]                	mov ax, [w3col]
   755 0000053F 83C004                  	add ax, 4
   756 00000542 A3[9F00]                	mov [w3col], ax
   757 00000545 A1[A100]                	mov ax, [w3color];bp + 10
   758 00000548 50                      	push ax 
   759 00000549 A1[9D00]                  	mov ax, [w3row]; bp + 8
   760 0000054C 50                      	push ax
   761 0000054D A1[9F00]                	mov ax, [w3col]; bp + 6
   762 00000550 50                      	push ax
   763 00000551 A1[9B00]                	mov ax, [w3length]
   764 00000554 50                      	push ax; bp + 4
   765 00000555 E859FC                  	call printSquare
   766                                  	
   767                                  	;window5
   768 00000558 A1[9F00]                	mov ax, [w3col]
   769 0000055B 83E804                  	sub ax, 4
   770 0000055E A3[9F00]                	mov [w3col], ax
   771 00000561 A1[9D00]                	mov ax, [w3row]
   772 00000564 83C002                  	add ax, 2
   773 00000567 A3[9D00]                	mov [w3row], ax
   774 0000056A A1[A100]                	mov ax, [w3color];bp + 10
   775 0000056D 50                      	push ax 
   776 0000056E A1[9D00]                  	mov ax, [w3row]; bp + 8
   777 00000571 50                      	push ax
   778 00000572 A1[9F00]                	mov ax, [w3col]; bp + 6
   779 00000575 50                      	push ax
   780 00000576 A1[9B00]                	mov ax, [w3length]
   781 00000579 50                      	push ax; bp + 4
   782 0000057A E834FC                  	call printSquare
   783                                  	
   784                                  	;window6
   785 0000057D A1[9F00]                	mov ax, [w3col]
   786 00000580 83C004                  	add ax, 4
   787 00000583 A3[9F00]                	mov [w3col], ax
   788 00000586 A1[A100]                	mov ax, [w3color];bp + 10
   789 00000589 50                      	push ax 
   790 0000058A A1[9D00]                  	mov ax, [w3row]; bp + 8
   791 0000058D 50                      	push ax
   792 0000058E A1[9F00]                	mov ax, [w3col]; bp + 6
   793 00000591 50                      	push ax
   794 00000592 A1[9B00]                	mov ax, [w3length]
   795 00000595 50                      	push ax; bp + 4
   796 00000596 E818FC                  	call printSquare
   797                                  	
   798 00000599 58                      	pop ax
   799 0000059A C3                      	ret	
   800                                  
   801                                  Building4:
   802 0000059B 50                      	push ax
   803 0000059C A1[6500]                	mov ax, [b4height]
   804 0000059F 50                      	push ax
   805 000005A0 A1[6B00]                	mov ax, [b4color];bp + 10
   806 000005A3 50                      	push ax 
   807 000005A4 A1[6700]                    mov ax, [b4row]; bp + 8
   808 000005A7 50                      	push ax
   809 000005A8 A1[6900]                	mov ax, [b4col]; bp + 6
   810 000005AB 50                      	push ax
   811 000005AC A1[6300]                	mov ax, [b4length]
   812 000005AF 50                      	push ax; bp + 4
   813 000005B0 E850FC                  	call printRectangle
   814                                      
   815                                  	;window1
   816 000005B3 A1[A900]                	mov ax, [w4color];bp + 10
   817 000005B6 50                      	push ax 
   818 000005B7 A1[A500]                  	mov ax, [w4row]; bp + 8
   819 000005BA 50                      	push ax
   820 000005BB A1[A700]                	mov ax, [w4col]; bp + 6
   821 000005BE 50                      	push ax
   822 000005BF A1[A300]                	mov ax, [w4length]
   823 000005C2 50                      	push ax; bp + 4
   824 000005C3 E8EBFB                  	call printSquare
   825                                  	
   826                                  	;window2
   827 000005C6 A1[A700]                	mov ax, [w4col]
   828 000005C9 83C004                  	add ax, 4
   829 000005CC A3[A700]                	mov [w4col], ax
   830 000005CF A1[A900]                	mov ax, [w4color];bp + 10
   831 000005D2 50                      	push ax 
   832 000005D3 A1[A500]                  	mov ax, [w4row]; bp + 8
   833 000005D6 50                      	push ax
   834 000005D7 A1[A700]                	mov ax, [w4col]; bp + 6
   835 000005DA 50                      	push ax
   836 000005DB A1[A300]                	mov ax, [w4length]
   837 000005DE 50                      	push ax; bp + 4
   838 000005DF E8CFFB                  	call printSquare
   839                                  	
   840                                  	;window3
   841 000005E2 A1[A700]                	mov ax, [w4col]
   842 000005E5 83C004                  	add ax, 4
   843 000005E8 A3[A700]                	mov [w4col], ax
   844 000005EB A1[A900]                	mov ax, [w4color];bp + 10
   845 000005EE 50                      	push ax 
   846 000005EF A1[A500]                  	mov ax, [w4row]; bp + 8
   847 000005F2 50                      	push ax
   848 000005F3 A1[A700]                	mov ax, [w4col]; bp + 6
   849 000005F6 50                      	push ax
   850 000005F7 A1[A300]                	mov ax, [w4length]
   851 000005FA 50                      	push ax; bp + 4
   852 000005FB E8B3FB                  	call printSquare
   853                                  	
   854                                  	;window4
   855 000005FE A1[A700]                	mov ax, [w4col]
   856 00000601 83E808                  	sub ax, 8
   857 00000604 A3[A700]                	mov [w4col], ax
   858 00000607 A1[A500]                	mov ax, [w4row]
   859 0000060A 83C002                  	add ax, 2
   860 0000060D A3[A500]                	mov [w4row], ax
   861 00000610 A1[A900]                	mov ax, [w4color];bp + 10
   862 00000613 50                      	push ax 
   863 00000614 A1[A500]                  	mov ax, [w4row]; bp + 8
   864 00000617 50                      	push ax
   865 00000618 A1[A700]                	mov ax, [w4col]; bp + 6
   866 0000061B 50                      	push ax
   867 0000061C A1[A300]                	mov ax, [w4length]
   868 0000061F 50                      	push ax; bp + 4
   869 00000620 E88EFB                  	call printSquare
   870                                  	
   871                                  	;window5
   872 00000623 A1[A700]                	mov ax, [w4col]
   873 00000626 83C004                  	add ax, 4
   874 00000629 A3[A700]                	mov [w4col], ax
   875 0000062C A1[A900]                	mov ax, [w4color];bp + 10
   876 0000062F 50                      	push ax 
   877 00000630 A1[A500]                  	mov ax, [w4row]; bp + 8
   878 00000633 50                      	push ax
   879 00000634 A1[A700]                	mov ax, [w4col]; bp + 6
   880 00000637 50                      	push ax
   881 00000638 A1[A300]                	mov ax, [w4length]
   882 0000063B 50                      	push ax; bp + 4
   883 0000063C E872FB                  	call printSquare
   884                                  	
   885                                  	;window6
   886 0000063F A1[A700]                	mov ax, [w4col]
   887 00000642 83C004                  	add ax, 4
   888 00000645 A3[A700]                	mov [w4col], ax
   889 00000648 A1[A900]                	mov ax, [w4color];bp + 10
   890 0000064B 50                      	push ax 
   891 0000064C A1[A500]                  	mov ax, [w4row]; bp + 8
   892 0000064F 50                      	push ax
   893 00000650 A1[A700]                	mov ax, [w4col]; bp + 6
   894 00000653 50                      	push ax
   895 00000654 A1[A300]                	mov ax, [w4length]
   896 00000657 50                      	push ax; bp + 4
   897 00000658 E856FB                  	call printSquare
   898                                  	
   899 0000065B 58                      	pop ax
   900 0000065C C3                      	ret
   901                                  
   902                                  Building5:
   903 0000065D 50                      	push ax
   904 0000065E A1[6F00]                	mov ax, [b5height]
   905 00000661 50                      	push ax
   906 00000662 A1[7500]                	mov ax, [b5color];bp + 10
   907 00000665 50                      	push ax 
   908 00000666 A1[7100]                    mov ax, [b5row]; bp + 8
   909 00000669 50                      	push ax
   910 0000066A A1[7300]                	mov ax, [b5col]; bp + 6
   911 0000066D 50                      	push ax
   912 0000066E A1[6D00]                	mov ax, [b5length]
   913 00000671 50                      	push ax; bp + 4
   914 00000672 E88EFB                  	call printRectangle
   915                                      
   916                                  	;window1
   917 00000675 A1[B100]                	mov ax, [w5color];bp + 10
   918 00000678 50                      	push ax 
   919 00000679 A1[AD00]                  	mov ax, [w5row]; bp + 8
   920 0000067C 50                      	push ax
   921 0000067D A1[AF00]                	mov ax, [w5col]; bp + 6
   922 00000680 50                      	push ax
   923 00000681 A1[AB00]                	mov ax, [w5length]
   924 00000684 50                      	push ax; bp + 4
   925 00000685 E829FB                  	call printSquare
   926                                  	
   927                                  	;window2
   928 00000688 A1[AF00]                	mov ax, [w5col]
   929 0000068B 83C004                  	add ax, 4
   930 0000068E A3[AF00]                	mov [w5col], ax
   931 00000691 A1[B100]                	mov ax, [w5color];bp + 10
   932 00000694 50                      	push ax 
   933 00000695 A1[AD00]                  	mov ax, [w5row]; bp + 8
   934 00000698 50                      	push ax
   935 00000699 A1[AF00]                	mov ax, [w5col]; bp + 6
   936 0000069C 50                      	push ax
   937 0000069D A1[AB00]                	mov ax, [w5length]
   938 000006A0 50                      	push ax; bp + 4
   939 000006A1 E80DFB                  	call printSquare
   940                                  	
   941                                  	;window3
   942 000006A4 A1[AF00]                	mov ax, [w5col]
   943 000006A7 83C004                  	add ax, 4
   944 000006AA A3[AF00]                	mov [w5col], ax
   945 000006AD A1[B100]                	mov ax, [w5color];bp + 10
   946 000006B0 50                      	push ax 
   947 000006B1 A1[AD00]                  	mov ax, [w5row]; bp + 8
   948 000006B4 50                      	push ax
   949 000006B5 A1[AF00]                	mov ax, [w5col]; bp + 6
   950 000006B8 50                      	push ax
   951 000006B9 A1[AB00]                	mov ax, [w5length]
   952 000006BC 50                      	push ax; bp + 4
   953 000006BD E8F1FA                  	call printSquare
   954                                  	
   955                                  	;window4
   956 000006C0 A1[AF00]                	mov ax, [w5col]
   957 000006C3 83E808                  	sub ax, 8
   958 000006C6 A3[AF00]                	mov [w5col], ax
   959 000006C9 A1[AD00]                	mov ax, [w5row]
   960 000006CC 83C002                  	add ax, 2
   961 000006CF A3[AD00]                	mov [w5row], ax
   962 000006D2 A1[B100]                	mov ax, [w5color];bp + 10
   963 000006D5 50                      	push ax 
   964 000006D6 A1[AD00]                  	mov ax, [w5row]; bp + 8
   965 000006D9 50                      	push ax
   966 000006DA A1[AF00]                	mov ax, [w5col]; bp + 6
   967 000006DD 50                      	push ax
   968 000006DE A1[AB00]                	mov ax, [w5length]
   969 000006E1 50                      	push ax; bp + 4
   970 000006E2 E8CCFA                  	call printSquare
   971                                  	
   972                                  	;window5
   973 000006E5 A1[AF00]                	mov ax, [w5col]
   974 000006E8 83C004                  	add ax, 4
   975 000006EB A3[AF00]                	mov [w5col], ax
   976 000006EE A1[B100]                	mov ax, [w5color];bp + 10
   977 000006F1 50                      	push ax 
   978 000006F2 A1[AD00]                  	mov ax, [w5row]; bp + 8
   979 000006F5 50                      	push ax
   980 000006F6 A1[AF00]                	mov ax, [w5col]; bp + 6
   981 000006F9 50                      	push ax
   982 000006FA A1[AB00]                	mov ax, [w5length]
   983 000006FD 50                      	push ax; bp + 4
   984 000006FE E8B0FA                  	call printSquare
   985                                  	
   986                                  	;window6
   987 00000701 A1[AF00]                	mov ax, [w5col]
   988 00000704 83C004                  	add ax, 4
   989 00000707 A3[AF00]                	mov [w5col], ax
   990 0000070A A1[B100]                	mov ax, [w5color];bp + 10
   991 0000070D 50                      	push ax 
   992 0000070E A1[AD00]                  	mov ax, [w5row]; bp + 8
   993 00000711 50                      	push ax
   994 00000712 A1[AF00]                	mov ax, [w5col]; bp + 6
   995 00000715 50                      	push ax
   996 00000716 A1[AB00]                	mov ax, [w5length]
   997 00000719 50                      	push ax; bp + 4
   998 0000071A E894FA                  	call printSquare
   999                                  	
  1000                                  	;window7
  1001 0000071D A1[AF00]                	mov ax, [w5col]
  1002 00000720 83E808                  	sub ax, 8
  1003 00000723 A3[AF00]                	mov [w5col], ax
  1004 00000726 A1[AD00]                	mov ax, [w5row]
  1005 00000729 83C002                  	add ax, 2
  1006 0000072C A3[AD00]                	mov [w5row], ax
  1007 0000072F A1[B100]                	mov ax, [w5color];bp + 10
  1008 00000732 50                      	push ax 
  1009 00000733 A1[AD00]                  	mov ax, [w5row]; bp + 8
  1010 00000736 50                      	push ax
  1011 00000737 A1[AF00]                	mov ax, [w5col]; bp + 6
  1012 0000073A 50                      	push ax
  1013 0000073B A1[AB00]                	mov ax, [w5length]
  1014 0000073E 50                      	push ax; bp + 4
  1015 0000073F E86FFA                  	call printSquare
  1016                                  	
  1017                                  	;window8
  1018 00000742 A1[AF00]                	mov ax, [w5col]
  1019 00000745 83C004                  	add ax, 4
  1020 00000748 A3[AF00]                	mov [w5col], ax
  1021 0000074B A1[B100]                	mov ax, [w5color];bp + 10
  1022 0000074E 50                      	push ax 
  1023 0000074F A1[AD00]                  	mov ax, [w5row]; bp + 8
  1024 00000752 50                      	push ax
  1025 00000753 A1[AF00]                	mov ax, [w5col]; bp + 6
  1026 00000756 50                      	push ax
  1027 00000757 A1[AB00]                	mov ax, [w5length]
  1028 0000075A 50                      	push ax; bp + 4
  1029 0000075B E853FA                  	call printSquare
  1030                                  	
  1031                                  	;window9
  1032 0000075E A1[AF00]                	mov ax, [w5col]
  1033 00000761 83C004                  	add ax, 4
  1034 00000764 A3[AF00]                	mov [w5col], ax
  1035 00000767 A1[B100]                	mov ax, [w5color];bp + 10
  1036 0000076A 50                      	push ax 
  1037 0000076B A1[AD00]                  	mov ax, [w5row]; bp + 8
  1038 0000076E 50                      	push ax
  1039 0000076F A1[AF00]                	mov ax, [w5col]; bp + 6
  1040 00000772 50                      	push ax
  1041 00000773 A1[AB00]                	mov ax, [w5length]
  1042 00000776 50                      	push ax; bp + 4
  1043 00000777 E837FA                  	call printSquare
  1044                                  	
  1045 0000077A 58                      	pop ax
  1046 0000077B C3                      	ret
  1047                                  
  1048                                  Building6:
  1049 0000077C 50                      	push ax
  1050 0000077D A1[7900]                	mov ax, [b6height]
  1051 00000780 50                      	push ax
  1052 00000781 A1[7F00]                	mov ax, [b6color];bp + 10
  1053 00000784 50                      	push ax 
  1054 00000785 A1[7B00]                    mov ax, [b6row]; bp + 8
  1055 00000788 50                      	push ax
  1056 00000789 A1[7D00]                	mov ax, [b6col]; bp + 6
  1057 0000078C 50                      	push ax
  1058 0000078D A1[7700]                	mov ax, [b6length]
  1059 00000790 50                      	push ax; bp + 4
  1060 00000791 E86FFA                  	call printRectangle
  1061                                      
  1062                                  	;window1
  1063 00000794 A1[B900]                	mov ax, [w6color];bp + 10
  1064 00000797 50                      	push ax 
  1065 00000798 A1[B500]                  	mov ax, [w6row]; bp + 8
  1066 0000079B 50                      	push ax
  1067 0000079C A1[B700]                	mov ax, [w6col]; bp + 6
  1068 0000079F 50                      	push ax
  1069 000007A0 A1[B300]                	mov ax, [w6length]
  1070 000007A3 50                      	push ax; bp + 4
  1071 000007A4 E80AFA                  	call printSquare
  1072                                  	
  1073                                  	;window2
  1074 000007A7 A1[B700]                	mov ax, [w6col]
  1075 000007AA 83C006                  	add ax, 6
  1076 000007AD A3[B700]                	mov [w6col], ax
  1077 000007B0 A1[B900]                	mov ax, [w6color];bp + 10
  1078 000007B3 50                      	push ax 
  1079 000007B4 A1[B500]                  	mov ax, [w6row]; bp + 8
  1080 000007B7 50                      	push ax
  1081 000007B8 A1[B700]                	mov ax, [w6col]; bp + 6
  1082 000007BB 50                      	push ax
  1083 000007BC A1[B300]                	mov ax, [w6length]
  1084 000007BF 50                      	push ax; bp + 4
  1085 000007C0 E8EEF9                  	call printSquare
  1086                                  	
  1087                                  	;window3
  1088 000007C3 A1[B700]                	mov ax, [w6col]
  1089 000007C6 83E806                  	sub ax, 6
  1090 000007C9 A3[B700]                	mov [w6col], ax
  1091 000007CC A1[B500]                	mov ax, [w6row]
  1092 000007CF 83C002                  	add ax, 2
  1093 000007D2 A3[B500]                	mov [w6row], ax
  1094 000007D5 A1[B900]                	mov ax, [w6color];bp + 10
  1095 000007D8 50                      	push ax 
  1096 000007D9 A1[B500]                  	mov ax, [w6row]; bp + 8
  1097 000007DC 50                      	push ax
  1098 000007DD A1[B700]                	mov ax, [w6col]; bp + 6
  1099 000007E0 50                      	push ax
  1100 000007E1 A1[B300]                	mov ax, [w6length]
  1101 000007E4 50                      	push ax; bp + 4
  1102 000007E5 E8C9F9                  	call printSquare
  1103                                  	
  1104                                  	;window4
  1105 000007E8 A1[B700]                	mov ax, [w6col]
  1106 000007EB 83C006                  	add ax, 6
  1107 000007EE A3[B700]                	mov [w6col], ax
  1108 000007F1 A1[B900]                	mov ax, [w6color];bp + 10
  1109 000007F4 50                      	push ax 
  1110 000007F5 A1[B500]                  	mov ax, [w6row]; bp + 8
  1111 000007F8 50                      	push ax
  1112 000007F9 A1[B700]                	mov ax, [w6col]; bp + 6
  1113 000007FC 50                      	push ax
  1114 000007FD A1[B300]                	mov ax, [w6length]
  1115 00000800 50                      	push ax; bp + 4
  1116 00000801 E8ADF9                  	call printSquare
  1117                                  	
  1118                                  	;window5
  1119 00000804 A1[B700]                	mov ax, [w6col]
  1120 00000807 83C006                  	add ax, 6
  1121 0000080A A3[B700]                	mov [w6col], ax
  1122 0000080D A1[B900]                	mov ax, [w6color];bp + 10
  1123 00000810 50                      	push ax 
  1124 00000811 A1[B500]                  	mov ax, [w6row]; bp + 8
  1125 00000814 50                      	push ax
  1126 00000815 A1[B700]                	mov ax, [w6col]; bp + 6
  1127 00000818 50                      	push ax
  1128 00000819 A1[B300]                	mov ax, [w6length]
  1129 0000081C 50                      	push ax; bp + 4
  1130 0000081D E891F9                  	call printSquare
  1131                                  	
  1132                                  	;window6
  1133 00000820 A1[B700]                	mov ax, [w6col]
  1134 00000823 83E80C                  	sub ax, 12
  1135 00000826 A3[B700]                	mov [w6col], ax
  1136 00000829 A1[B500]                	mov ax, [w6row]
  1137 0000082C 83C002                  	add ax, 2
  1138 0000082F A3[B500]                	mov [w6row], ax
  1139 00000832 A1[B900]                	mov ax, [w6color];bp + 10
  1140 00000835 50                      	push ax 
  1141 00000836 A1[B500]                  	mov ax, [w6row]; bp + 8
  1142 00000839 50                      	push ax
  1143 0000083A A1[B700]                	mov ax, [w6col]; bp + 6
  1144 0000083D 50                      	push ax
  1145 0000083E A1[B300]                	mov ax, [w6length]
  1146 00000841 50                      	push ax; bp + 4
  1147 00000842 E86CF9                  	call printSquare
  1148                                  	
  1149                                  	;window7
  1150 00000845 A1[B700]                	mov ax, [w6col]
  1151 00000848 83C006                  	add ax, 6
  1152 0000084B A3[B700]                	mov [w6col], ax
  1153 0000084E A1[B900]                	mov ax, [w6color];bp + 10
  1154 00000851 50                      	push ax 
  1155 00000852 A1[B500]                  	mov ax, [w6row]; bp + 8
  1156 00000855 50                      	push ax
  1157 00000856 A1[B700]                	mov ax, [w6col]; bp + 6
  1158 00000859 50                      	push ax
  1159 0000085A A1[B300]                	mov ax, [w6length]
  1160 0000085D 50                      	push ax; bp + 4
  1161 0000085E E850F9                  	call printSquare
  1162                                  	
  1163 00000861 58                      	pop ax
  1164 00000862 C3                      	ret
  1165                                  
  1166                                  Building7:
  1167 00000863 50                      	push ax
  1168 00000864 A1[8300]                	mov ax, [b7height]
  1169 00000867 50                      	push ax
  1170 00000868 A1[8900]                	mov ax, [b7color];bp + 10
  1171 0000086B 50                      	push ax 
  1172 0000086C A1[8500]                    mov ax, [b7row]; bp + 8
  1173 0000086F 50                      	push ax
  1174 00000870 A1[8700]                	mov ax, [b7col]; bp + 6
  1175 00000873 50                      	push ax
  1176 00000874 A1[8100]                	mov ax, [b7length]
  1177 00000877 50                      	push ax; bp + 4
  1178 00000878 E888F9                  	call printRectangle
  1179                                      
  1180                                  	;window1
  1181 0000087B A1[C100]                	mov ax, [w7color];bp + 10
  1182 0000087E 50                      	push ax 
  1183 0000087F A1[BD00]                  	mov ax, [w7row]; bp + 8
  1184 00000882 50                      	push ax
  1185 00000883 A1[BF00]                	mov ax, [w7col]; bp + 6
  1186 00000886 50                      	push ax
  1187 00000887 A1[BB00]                	mov ax, [w7length]
  1188 0000088A 50                      	push ax; bp + 4
  1189 0000088B E823F9                  	call printSquare
  1190                                  	
  1191                                  	;window2
  1192 0000088E A1[BF00]                	mov ax, [w7col]
  1193 00000891 83C006                  	add ax, 6
  1194 00000894 A3[BF00]                	mov [w7col], ax
  1195 00000897 A1[C100]                	mov ax, [w7color];bp + 10
  1196 0000089A 50                      	push ax 
  1197 0000089B A1[BD00]                  	mov ax, [w7row]; bp + 8
  1198 0000089E 50                      	push ax
  1199 0000089F A1[BF00]                	mov ax, [w7col]; bp + 6
  1200 000008A2 50                      	push ax
  1201 000008A3 A1[BB00]                	mov ax, [w7length]
  1202 000008A6 50                      	push ax; bp + 4
  1203 000008A7 E807F9                  	call printSquare
  1204                                  	
  1205                                  	;window3
  1206 000008AA A1[BF00]                	mov ax, [w7col]
  1207 000008AD 83E806                  	sub ax, 6
  1208 000008B0 A3[BF00]                	mov [w7col], ax
  1209 000008B3 A1[BD00]                	mov ax, [w7row]
  1210 000008B6 83C002                  	add ax, 2
  1211 000008B9 A3[BD00]                	mov [w7row], ax
  1212 000008BC A1[C100]                	mov ax, [w7color];bp + 10
  1213 000008BF 50                      	push ax 
  1214 000008C0 A1[BD00]                  	mov ax, [w7row]; bp + 8
  1215 000008C3 50                      	push ax
  1216 000008C4 A1[BF00]                	mov ax, [w7col]; bp + 6
  1217 000008C7 50                      	push ax
  1218 000008C8 A1[BB00]                	mov ax, [w7length]
  1219 000008CB 50                      	push ax; bp + 4
  1220 000008CC E8E2F8                  	call printSquare
  1221                                  	
  1222                                  	;window4
  1223 000008CF A1[BF00]                	mov ax, [w7col]
  1224 000008D2 83C006                  	add ax, 6
  1225 000008D5 A3[BF00]                	mov [w7col], ax
  1226 000008D8 A1[C100]                	mov ax, [w7color];bp + 10
  1227 000008DB 50                      	push ax 
  1228 000008DC A1[BD00]                  	mov ax, [w7row]; bp + 8
  1229 000008DF 50                      	push ax
  1230 000008E0 A1[BF00]                	mov ax, [w7col]; bp + 6
  1231 000008E3 50                      	push ax
  1232 000008E4 A1[BB00]                	mov ax, [w7length]
  1233 000008E7 50                      	push ax; bp + 4
  1234 000008E8 E8C6F8                  	call printSquare
  1235                                  	
  1236 000008EB 58                      	pop ax
  1237 000008EC C3                      	ret
  1238                                  		
  1239                                  Buildings:
  1240 000008ED E809FA                  	call Building1
  1241 000008F0 E812FB                  	call Building2
  1242 000008F3 E8DAFB                  	call Building3
  1243 000008F6 E8A2FC                  	call Building4
  1244 000008F9 E861FD                  	call Building5
  1245 000008FC E87DFE                  	call Building6
  1246 000008FF E861FF                  	call Building7
  1247 00000902 C3                      	ret
  1248                                  
  1249                                  ;--------------------------------------------------------------------------------------------------------------
  1250                                  StoresLastColumnInAnArray:
  1251 00000903 57                      	push di
  1252 00000904 56                      	push si
  1253 00000905 50                      	push ax
  1254 00000906 06                      	push es 
  1255 00000907 B800B8                  	mov ax, 0xb800 
  1256 0000090A 8EC0                    	mov es , ax
  1257 0000090C BF9E00                  	mov di, 158
  1258 0000090F BE0000                  	mov si , 0
  1259                                  	cloop:
  1260 00000912 268B05                  	    mov ax , [es:di]
  1261 00000915 8984[B909]              		mov [arr+si] , ax
  1262 00000919 81C7A000                		add di, 160
  1263 0000091D 83C602                  		add si , 2
  1264 00000920 81FF9E0F                		cmp di, 3998
  1265 00000924 75EC                    		jne cloop
  1266 00000926 07                      	pop es
  1267 00000927 58                      	pop ax
  1268 00000928 5E                      	pop si
  1269 00000929 5F                      	pop di
  1270 0000092A C3                      	ret
  1271                                  
  1272                                  MovesEveryColumnAagy:
  1273 0000092B 50                      	push ax
  1274 0000092C 53                      	push bx
  1275 0000092D 51                      	push cx
  1276 0000092E 52                      	push dx
  1277 0000092F 57                      	push di
  1278 00000930 56                      	push si
  1279 00000931 06                      	push es
  1280                                  	
  1281 00000932 B800B8                  	mov ax, 0xb800
  1282 00000935 8EC0                    	mov es, ax
  1283 00000937 B90000                  	mov cx,0
  1284 0000093A BFD20E                  	mov di, ((79*24)*2)+2
  1285 0000093D BED00E                  	mov si, ((79*24)*2)
  1286 00000940 B9D007                  	mov cx,80*25
  1287                                  	moveouterloop:
  1288 00000943 83EF02                  				sub di,2
  1289 00000946 83EE02                  				sub si,2
  1290 00000949 83FE00                  				cmp si,0
  1291 0000094C 7408                    				je rette
  1292 0000094E 268B04                  				mov ax,[es:si]
  1293 00000951 268905                  				mov word[es:di],ax
  1294 00000954 E2ED                    				loop moveouterloop
  1295                                  	rette:
  1296 00000956 07                      		pop es
  1297 00000957 5E                      		pop si
  1298 00000958 5F                      		pop di
  1299 00000959 5A                      		pop dx
  1300 0000095A 59                      		pop cx
  1301 0000095B 5B                      		pop bx
  1302 0000095C 58                      		pop ax
  1303 0000095D C3                      		ret
  1304                                  		
  1305                                  SettingBackArrayAtCol1:
  1306 0000095E 57                          push di
  1307 0000095F 56                      	push si
  1308 00000960 53                      	push bx
  1309 00000961 06                      	push es
  1310 00000962 BB00B8                  	mov bx,0xb800
  1311 00000965 8EC3                    	mov es,bx
  1312 00000967 BF0000                  	mov di, 0
  1313 0000096A BE0000                  	mov si, 0
  1314                                  	kloop:
  1315 0000096D 8B9C[B909]              		mov bx, [arr+si] 
  1316 00000971 26891D                  		mov [es:di], bx
  1317 00000974 81C7A000                		add di, 160
  1318 00000978 83C602                  		add si, 2
  1319 0000097B 81FF000F                		cmp di, 3840
  1320 0000097F 75EC                    		jne kloop
  1321 00000981 07                      	pop es
  1322 00000982 5B                      	pop bx
  1323 00000983 5E                      	pop si
  1324 00000984 5F                      	pop di
  1325 00000985 C3                      	ret
  1326                                  	
  1327                                  Phase2:
  1328                                  	looooop:
  1329 00000986 E87AFF                  		call StoresLastColumnInAnArray
  1330 00000989 E89FFF                  		call MovesEveryColumnAagy
  1331 0000098C E8CFFF                  		call SettingBackArrayAtCol1
  1332 0000098F E84EF7                  		call delay
  1333 00000992 EBF2                    		jmp looooop
  1334 00000994 C3                      	ret 
  1335                                  ;--------------------------------------------------------------------------------------------------------------
  1336                                  Phase1:
  1337 00000995 E82BF7                  	call clrscr
  1338 00000998 E88CF7                  	call printSky
  1339 0000099B E8A6F7                  	call printroad
  1340 0000099E E824F9                  	call Roadlines1
  1341 000009A1 E83BF9                  	call Roadlines2
  1342 000009A4 E8C8F7                  	call Stars
  1343 000009A7 E843FF                  	call Buildings
  1344 000009AA E8AAF8                  	call printCAR
  1345 000009AD C3                      	ret
  1346                                  	
  1347                                  start:
  1348 000009AE E8E4FF                  	call Phase1
  1349 000009B1 E8D2FF                  	call Phase2
  1350 000009B4 B8004C                  	mov ax, 0x4c00
  1351 000009B7 CD21                    	int 0x21
  1352                                  	
  1353 000009B9 000000000000000000-     arr : dw 0,0,0,0,0,0,0,0,0,0,0,0,0,0,0,0,0,0,0,0,0,0,0,0,0
  1353 000009C2 000000000000000000-
  1353 000009CB 000000000000000000-
  1353 000009D4 000000000000000000-
  1353 000009DD 000000000000000000-
  1353 000009E6 0000000000         
